// Vitest Snapshot v1, https://vitest.dev/guide/snapshot.html

exports[`App component > renders magnificent monkeys 1`] = `
<div>
  <button
    type="button"
  >
    Click Me
  </button>
  <h1>
    Magnificent Monkeys
  </h1>
  <ul>
    <li>
      1
    </li>
    <li>
      2
    </li>
    <li>
      3
    </li>
    <li>
      4
    </li>
  </ul>
</div>
`;

exports[`toUpperCase 1`] = `"FOOBAR"`;
